// Jest Snapshot v1, https://goo.gl/fbAQLP

exports[`should match snapshot 1`] = `
<div
  className="timer__value"
  xmlns="http://www.w3.org/1999/xhtml"
>
  <span
    className="timer__mins"
  >
    1
  </span>
  <span
    className="timer__dots"
  >
    :
  </span>
  <span
    className="timer__secs"
  >
    10
  </span>
</div>
`;
